// Jest Snapshot v1, https://goo.gl/fbAQLP

exports[`CatsPage component should match the snapshot 1`] = `
<div class="main-container">
  <div class="cat-list-container">
    <cats-list-stub catslist="[object Object],[object Object],[object Object],[object Object],[object Object],[object Object],[object Object],[object Object],[object Object],[object Object],[object Object],[object Object],[object Object],[object Object]"></cats-list-stub>
  </div>
  <div class="cat-detail-container">
    <!--v-if-->
  </div>
</div>
`;
