// Jest Snapshot v1, https://goo.gl/fbAQLP

exports[`CatsList component should match the snapshot 1`] = `
<ul class="names" data-testid="catsList">
  <li>Burmese</li>
  <li>Burmilla</li>
  <li>Devon Rex</li>
  <li>Devon Rex</li>
  <li>Exotic Shorthair</li>
  <li>Exotic Shorthair</li>
  <li>Exotic Shorthair</li>
  <li>Korat</li>
  <li>Manx</li>
  <li>Manx</li>
  <li>Ocicat</li>
  <li>Oriental</li>
  <li>Oriental</li>
  <li>Scottish Fold</li>
  <li>Siamese</li>
  <li>Somali</li>
  <li>European Burmese</li>
  <li>Somali</li>
  <li>Tonkinese</li>
  <li>Abyssinian</li>
</ul>
`;
